type: float
3.000000
12.000000
21.000000
30.000000
